../Drivers/STM32WLxx_HAL_Driver/Inc/stm32wlxx_ll_rcc.h:1257:22:LL_RCC_LSE_SetDriveCapability	16	static
../Drivers/STM32WLxx_HAL_Driver/Inc/stm32wlxx_ll_bus.h:449:22:LL_AHB2_GRP1_EnableClock	24	static
../Drivers/STM32WLxx_HAL_Driver/Inc/stm32wlxx_ll_bus.h:1257:22:LL_APB1_GRP1_DisableClockSleep	16	static
../Core/Src/main.c:67:5:__io_putchar	16	static
../Core/Src/main.c:74:6:Exit_ShutdownMode	8	static
../Core/Src/main.c:83:6:RLED_Sequence	16	static
../Core/Src/main.c:96:6:Enter_ShutdownMode	16	static
../Core/Src/main.c:118:5:main	8	static
../Core/Src/main.c:168:6:SystemClock_Config	112	static
../Core/Src/main.c:223:13:MX_RTC_Init	8	static
../Core/Src/main.c:268:13:MX_USART2_UART_Init	8	static
../Core/Src/main.c:316:13:MX_GPIO_Init	32	static
../Core/Src/main.c:361:6:Error_Handler	4	static,ignoring_inline_asm
