Archive member included to satisfy reference by file (symbol)

D:/Program Files (x86)/STMicroelectronics/ST/STM32CubeIDE_1.17.0/STM32CubeIDE/plugins/com.st.stm32cube.ide.mcu.externaltools.gnu-tools-for-stm32.13.3.rel1.win32_1.0.0.202411081344/tools/bin/../lib/gcc/arm-none-eabi/13.3.1/../../../../arm-none-eabi/lib/thumb/v7e-m/nofp\libc_nano.a(libc_a-exit.o)
                              D:/Program Files (x86)/STMicroelectronics/ST/STM32CubeIDE_1.17.0/STM32CubeIDE/plugins/com.st.stm32cube.ide.mcu.externaltools.gnu-tools-for-stm32.13.3.rel1.win32_1.0.0.202411081344/tools/bin/../lib/gcc/arm-none-eabi/13.3.1/../../../../arm-none-eabi/lib/thumb/v7e-m/nofp/crt0.o (exit)
D:/Program Files (x86)/STMicroelectronics/ST/STM32CubeIDE_1.17.0/STM32CubeIDE/plugins/com.st.stm32cube.ide.mcu.externaltools.gnu-tools-for-stm32.13.3.rel1.win32_1.0.0.202411081344/tools/bin/../lib/gcc/arm-none-eabi/13.3.1/../../../../arm-none-eabi/lib/thumb/v7e-m/nofp\libc_nano.a(libc_a-findfp.o)
                              D:/Program Files (x86)/STMicroelectronics/ST/STM32CubeIDE_1.17.0/STM32CubeIDE/plugins/com.st.stm32cube.ide.mcu.externaltools.gnu-tools-for-stm32.13.3.rel1.win32_1.0.0.202411081344/tools/bin/../lib/gcc/arm-none-eabi/13.3.1/../../../../arm-none-eabi/lib/thumb/v7e-m/nofp\libc_nano.a(libc_a-exit.o) (__stdio_exit_handler)
D:/Program Files (x86)/STMicroelectronics/ST/STM32CubeIDE_1.17.0/STM32CubeIDE/plugins/com.st.stm32cube.ide.mcu.externaltools.gnu-tools-for-stm32.13.3.rel1.win32_1.0.0.202411081344/tools/bin/../lib/gcc/arm-none-eabi/13.3.1/../../../../arm-none-eabi/lib/thumb/v7e-m/nofp\libc_nano.a(libc_a-fwalk.o)
                              D:/Program Files (x86)/STMicroelectronics/ST/STM32CubeIDE_1.17.0/STM32CubeIDE/plugins/com.st.stm32cube.ide.mcu.externaltools.gnu-tools-for-stm32.13.3.rel1.win32_1.0.0.202411081344/tools/bin/../lib/gcc/arm-none-eabi/13.3.1/../../../../arm-none-eabi/lib/thumb/v7e-m/nofp\libc_nano.a(libc_a-findfp.o) (_fwalk_sglue)
D:/Program Files (x86)/STMicroelectronics/ST/STM32CubeIDE_1.17.0/STM32CubeIDE/plugins/com.st.stm32cube.ide.mcu.externaltools.gnu-tools-for-stm32.13.3.rel1.win32_1.0.0.202411081344/tools/bin/../lib/gcc/arm-none-eabi/13.3.1/../../../../arm-none-eabi/lib/thumb/v7e-m/nofp\libc_nano.a(libc_a-stdio.o)
                              D:/Program Files (x86)/STMicroelectronics/ST/STM32CubeIDE_1.17.0/STM32CubeIDE/plugins/com.st.stm32cube.ide.mcu.externaltools.gnu-tools-for-stm32.13.3.rel1.win32_1.0.0.202411081344/tools/bin/../lib/gcc/arm-none-eabi/13.3.1/../../../../arm-none-eabi/lib/thumb/v7e-m/nofp\libc_nano.a(libc_a-findfp.o) (__sread)
D:/Program Files (x86)/STMicroelectronics/ST/STM32CubeIDE_1.17.0/STM32CubeIDE/plugins/com.st.stm32cube.ide.mcu.externaltools.gnu-tools-for-stm32.13.3.rel1.win32_1.0.0.202411081344/tools/bin/../lib/gcc/arm-none-eabi/13.3.1/../../../../arm-none-eabi/lib/thumb/v7e-m/nofp\libc_nano.a(libc_a-memset.o)
                              D:/Program Files (x86)/STMicroelectronics/ST/STM32CubeIDE_1.17.0/STM32CubeIDE/plugins/com.st.stm32cube.ide.mcu.externaltools.gnu-tools-for-stm32.13.3.rel1.win32_1.0.0.202411081344/tools/bin/../lib/gcc/arm-none-eabi/13.3.1/../../../../arm-none-eabi/lib/thumb/v7e-m/nofp/crt0.o (memset)
D:/Program Files (x86)/STMicroelectronics/ST/STM32CubeIDE_1.17.0/STM32CubeIDE/plugins/com.st.stm32cube.ide.mcu.externaltools.gnu-tools-for-stm32.13.3.rel1.win32_1.0.0.202411081344/tools/bin/../lib/gcc/arm-none-eabi/13.3.1/../../../../arm-none-eabi/lib/thumb/v7e-m/nofp\libc_nano.a(libc_a-closer.o)
                              D:/Program Files (x86)/STMicroelectronics/ST/STM32CubeIDE_1.17.0/STM32CubeIDE/plugins/com.st.stm32cube.ide.mcu.externaltools.gnu-tools-for-stm32.13.3.rel1.win32_1.0.0.202411081344/tools/bin/../lib/gcc/arm-none-eabi/13.3.1/../../../../arm-none-eabi/lib/thumb/v7e-m/nofp\libc_nano.a(libc_a-stdio.o) (_close_r)
D:/Program Files (x86)/STMicroelectronics/ST/STM32CubeIDE_1.17.0/STM32CubeIDE/plugins/com.st.stm32cube.ide.mcu.externaltools.gnu-tools-for-stm32.13.3.rel1.win32_1.0.0.202411081344/tools/bin/../lib/gcc/arm-none-eabi/13.3.1/../../../../arm-none-eabi/lib/thumb/v7e-m/nofp\libc_nano.a(libc_a-reent.o)
                              D:/Program Files (x86)/STMicroelectronics/ST/STM32CubeIDE_1.17.0/STM32CubeIDE/plugins/com.st.stm32cube.ide.mcu.externaltools.gnu-tools-for-stm32.13.3.rel1.win32_1.0.0.202411081344/tools/bin/../lib/gcc/arm-none-eabi/13.3.1/../../../../arm-none-eabi/lib/thumb/v7e-m/nofp\libc_nano.a(libc_a-closer.o) (errno)
D:/Program Files (x86)/STMicroelectronics/ST/STM32CubeIDE_1.17.0/STM32CubeIDE/plugins/com.st.stm32cube.ide.mcu.externaltools.gnu-tools-for-stm32.13.3.rel1.win32_1.0.0.202411081344/tools/bin/../lib/gcc/arm-none-eabi/13.3.1/../../../../arm-none-eabi/lib/thumb/v7e-m/nofp\libc_nano.a(libc_a-impure.o)
[...]
Memory Configuration

Name             Origin             Length             Attributes
RAM              0x20000000         0x00010000         xrw
RAM2             0x10000000         0x00008000         xrw
FLASH            0x08000000         0x00040000         xr
*default*        0x00000000         0xffffffff

Linker script and memory map

LOAD D:/Program Files (x86)/STMicroelectronics/ST/STM32CubeIDE_1.17.0/STM32CubeIDE/plugins/com.st.stm32cube.ide.mcu.externaltools.gnu-tools-for-stm32.13.3.rel1.win32_1.0.0.202411081344/tools/bin/../lib/gcc/arm-none-eabi/13.3.1/thumb/v7e-m/nofp/crti.o
LOAD D:/Program Files (x86)/STMicroelectronics/ST/STM32CubeIDE_1.17.0/STM32CubeIDE/plugins/com.st.stm32cube.ide.mcu.externaltools.gnu-tools-for-stm32.13.3.rel1.win32_1.0.0.202411081344/tools/bin/../lib/gcc/arm-none-eabi/13.3.1/thumb/v7e-m/nofp/crtbegin.o
LOAD D:/Program Files (x86)/STMicroelectronics/ST/STM32CubeIDE_1.17.0/STM32CubeIDE/plugins/com.st.stm32cube.ide.mcu.externaltools.gnu-tools-for-stm32.13.3.rel1.win32_1.0.0.202411081344/tools/bin/../lib/gcc/arm-none-eabi/13.3.1/../../../../arm-none-eabi/lib/thumb/v7e-m/nofp/crt0.o
LOAD ./Core/Src/main.o
LOAD ./Core/Src/stm32wlxx_hal_msp.o
LOAD ./Core/Src/stm32wlxx_it.o
LOAD ./Core/Src/syscalls.o
LOAD ./Core/Src/sysmem.o
LOAD ./Core/Src/system_stm32wlxx.o
LOAD ./Core/Startup/startup_stm32wl55jcix.o
LOAD ./Drivers/STM32WLxx_HAL_Driver/Src/stm32wlxx_hal.o
LOAD ./Drivers/STM32WLxx_HAL_Driver/Src/stm32wlxx_hal_cortex.o
LOAD ./Drivers/STM32WLxx_HAL_Driver/Src/stm32wlxx_hal_dma.o
LOAD ./Drivers/STM32WLxx_HAL_Driver/Src/stm32wlxx_hal_dma_ex.o
LOAD ./Drivers/STM32WLxx_HAL_Driver/Src/stm32wlxx_hal_exti.o
LOAD ./Drivers/STM32WLxx_HAL_Driver/Src/stm32wlxx_hal_flash.o
LOAD ./Drivers/STM32WLxx_HAL_Driver/Src/stm32wlxx_hal_flash_ex.o
LOAD ./Drivers/STM32WLxx_HAL_Driver/Src/stm32wlxx_hal_gpio.o
LOAD ./Drivers/STM32WLxx_HAL_Driver/Src/stm32wlxx_hal_pwr.o
LOAD ./Drivers/STM32WLxx_HAL_Driver/Src/stm32wlxx_hal_pwr_ex.o
LOAD ./Drivers/STM32WLxx_HAL_Driver/Src/stm32wlxx_hal_rcc.o
LOAD ./Drivers/STM32WLxx_HAL_Driver/Src/stm32wlxx_hal_rcc_ex.o
LOAD ./Drivers/STM32WLxx_HAL_Driver/Src/stm32wlxx_hal_rtc.o
LOAD ./Drivers/STM32WLxx_HAL_Driver/Src/stm32wlxx_hal_rtc_ex.o
START GROUP
LOAD D:/Program Files (x86)/STMicroelectronics/ST/STM32CubeIDE_1.17.0/STM32CubeIDE/plugins/com.st.stm32cube.ide.mcu.externaltools.gnu-tools-for-stm32.13.3.rel1.win32_1.0.0.202411081344/tools/bin/../lib/gcc/arm-none-eabi/13.3.1/../../../../arm-none-eabi/lib/thumb/v7e-m/nofp\libc_nano.a
LOAD D:/Program Files (x86)/STMicroelectronics/ST/STM32CubeIDE_1.17.0/STM32CubeIDE/plugins/com.st.stm32cube.ide.mcu.externaltools.gnu-tools-for-stm32.13.3.rel1.win32_1.0.0.202411081344/tools/bin/../lib/gcc/arm-none-eabi/13.3.1/../../../../arm-none-eabi/lib/thumb/v7e-m/nofp\libm.a
END GROUP
START GROUP
LOAD D:/Program Files (x86)/STMicroelectronics/ST/STM32CubeIDE_1.17.0/STM32CubeIDE/plugins/com.st.stm32cube.ide.mcu.externaltools.gnu-tools-for-stm32.13.3.rel1.win32_1.0.0.202411081344/tools/bin/../lib/gcc/arm-none-eabi/13.3.1/thumb/v7e-m/nofp\libgcc.a
LOAD D:/Program Files (x86)/STMicroelectronics/ST/STM32CubeIDE_1.17.0/STM32CubeIDE/plugins/com.st.stm32cube.ide.mcu.externaltools.gnu-tools-for-stm32.13.3.rel1.win32_1.0.0.202411081344/tools/bin/../lib/gcc/arm-none-eabi/13.3.1/../../../../arm-none-eabi/lib/thumb/v7e-m/nofp\libc_nano.a
END GROUP
START GROUP
LOAD D:/Program Files (x86)/STMicroelectronics/ST/STM32CubeIDE_1.17.0/STM32CubeIDE/plugins/com.st.stm32cube.ide.mcu.externaltools.gnu-tools-for-stm32.13.3.rel1.win32_1.0.0.202411081344/tools/bin/../lib/gcc/arm-none-eabi/13.3.1/thumb/v7e-m/nofp\libgcc.a
LOAD D:/Program Files (x86)/STMicroelectronics/ST/STM32CubeIDE_1.17.0/STM32CubeIDE/plugins/com.st.stm32cube.ide.mcu.externaltools.gnu-tools-for-stm32.13.3.rel1.win32_1.0.0.202411081344/tools/bin/../lib/gcc/arm-none-eabi/13.3.1/../../../../arm-none-eabi/lib/thumb/v7e-m/nofp\libc_nano.a
LOAD D:/Program Files (x86)/STMicroelectronics/ST/STM32CubeIDE_1.17.0/STM32CubeIDE/plugins/com.st.stm32cube.ide.mcu.externaltools.gnu-tools-for-stm32.13.3.rel1.win32_1.0.0.202411081344/tools/bin/../lib/gcc/arm-none-eabi/13.3.1/../../../../arm-none-eabi/lib/thumb/v7e-m/nofp\libnosys.a
END GROUP
START GROUP
LOAD D:/Program Files (x86)/STMicroelectronics/ST/STM32CubeIDE_1.17.0/STM32CubeIDE/plugins/com.st.stm32cube.ide.mcu.externaltools.gnu-tools-for-stm32.13.3.rel1.win32_1.0.0.202411081344/tools/bin/../lib/gcc/arm-none-eabi/13.3.1/thumb/v7e-m/nofp\libgcc.a
LOAD D:/Program Files (x86)/STMicroelectronics/ST/STM32CubeIDE_1.17.0/STM32CubeIDE/plugins/com.st.stm32cube.ide.mcu.externaltools.gnu-tools-for-stm32.13.3.rel1.win32_1.0.0.202411081344/tools/bin/../lib/gcc/arm-none-eabi/13.3.1/../../../../arm-none-eabi/lib/thumb/v7e-m/nofp\libc_nano.a
LOAD D:/Program Files (x86)/STMicroelectronics/ST/STM32CubeIDE_1.17.0/STM32CubeIDE/plugins/com.st.stm32cube.ide.mcu.externaltools.gnu-tools-for-stm32.13.3.rel1.win32_1.0.0.202411081344/tools/bin/../lib/gcc/arm-none-eabi/13.3.1/../../../../arm-none-eabi/lib/thumb/v7e-m/nofp\libnosys.a
END GROUP
LOAD D:/Program Files (x86)/STMicroelectronics/ST/STM32CubeIDE_1.17.0/STM32CubeIDE/plugins/com.st.stm32cube.ide.mcu.externaltools.gnu-tools-for-stm32.13.3.rel1.win32_1.0.0.202411081344/tools/bin/../lib/gcc/arm-none-eabi/13.3.1/thumb/v7e-m/nofp/crtend.o
LOAD D:/Program Files (x86)/STMicroelectronics/ST/STM32CubeIDE_1.17.0/STM32CubeIDE/plugins/com.st.stm32cube.ide.mcu.externaltools.gnu-tools-for-stm32.13.3.rel1.win32_1.0.0.202411081344/tools/bin/../lib/gcc/arm-none-eabi/13.3.1/thumb/v7e-m/nofp/crtn.o
                0x20010000                        _estack = (ORIGIN (RAM) + LENGTH (RAM))
                0x00000200                        _Min_Heap_Size = 0x200
                0x00000400                        _Min_Stack_Size = 0x400

.isr_vector     0x08000000      0x138
                0x08000000                        . = ALIGN (0x4)
 *(.isr_vector)
 .isr_vector    0x08000000      0x138 ./Core/Startup/startup_stm32wl55jcix.o
                0x08000000                g_pfnVectors
                0x08000138                        . = ALIGN (0x4)

.text           0x08000138     0x26b0
                0x08000138                        . = ALIGN (0x4)
 *(.text)
 .text          0x08000138       0x40 D:/Program Files (x86)/STMicroelectronics/ST/STM32CubeIDE_1.17.0/STM32CubeIDE/plugins/com.st.stm32cube.ide.mcu.externaltools.gnu-tools-for-stm32.13.3.rel1.win32_1.0.0.202411081344/tools/bin/../lib/gcc/arm-none-eabi/13.3.1/thumb/v7e-m/nofp/crtbegin.o
 *(.text*)
 .text.LL_AHB2_GRP1_EnableClock
                0x08000178       0x30 ./Core/Src/main.o
 .text.main     0x080001a8       0x74 ./Core/Src/main.o
                0x080001a8                main
 .text.SystemClock_Config
                0x0800021c       0xc8 ./Core/Src/main.o
                0x0800021c                SystemClock_Config
 .text.MX_RTC_Init
                0x080002e4       0x78 ./Core/Src/main.o
 .text.MX_GPIO_Init
                0x0800035c       0xcc ./Core/Src/main.o
 .text.HAL_GPIO_EXTI_Callback
                0x08000428       0x94 ./Core/Src/main.o
                0x08000428                HAL_GPIO_EXTI_Callback
 .text.Error_Handler
                0x080004bc        0xc ./Core/Src/main.o
                0x080004bc                Error_Handler
 .text.LL_RCC_EnableRTC
                0x080004c8       0x20 ./Core/Src/stm32wlxx_hal_msp.o
 .text.LL_APB1_GRP1_EnableClock
                0x080004e8       0x30 ./Core/Src/stm32wlxx_hal_msp.o
 .text.HAL_MspInit
                0x08000518        0xc ./Core/Src/stm32wlxx_hal_msp.o
                0x08000518                HAL_MspInit
 .text.HAL_RTC_MspInit
                0x08000524       0x68 ./Core/Src/stm32wlxx_hal_msp.o
                0x08000524                HAL_RTC_MspInit
 .text.NMI_Handler
                0x0800058c        0x8 ./Core/Src/stm32wlxx_it.o
                0x0800058c                NMI_Handler
 .text.HardFault_Handler
                0x08000594        0x8 ./Core/Src/stm32wlxx_it.o
                0x08000594                HardFault_Handler
 .text.MemManage_Handler
                0x0800059c        0x8 ./Core/Src/stm32wlxx_it.o
                0x0800059c                MemManage_Handler
 .text.BusFault_Handler
                0x080005a4        0x8 ./Core/Src/stm32wlxx_it.o
                0x080005a4                BusFault_Handler
 .text.UsageFault_Handler
                0x080005ac        0x8 ./Core/Src/stm32wlxx_it.o
                0x080005ac                UsageFault_Handler
 .text.SVC_Handler
                0x080005b4        0xc ./Core/Src/stm32wlxx_it.o
                0x080005b4                SVC_Handler
 .text.DebugMon_Handler
                0x080005c0        0xc ./Core/Src/stm32wlxx_it.o
                0x080005c0                DebugMon_Handler
 .text.PendSV_Handler
                0x080005cc        0xc ./Core/Src/stm32wlxx_it.o
                0x080005cc                PendSV_Handler
 .text.SysTick_Handler
                0x080005d8        0xc ./Core/Src/stm32wlxx_it.o
                0x080005d8                SysTick_Handler
 .text.RTC_WKUP_IRQHandler
                0x080005e4       0x14 ./Core/Src/stm32wlxx_it.o
                0x080005e4                RTC_WKUP_IRQHandler
 .text.EXTI0_IRQHandler
                0x080005f8        0xe ./Core/Src/stm32wlxx_it.o
                0x080005f8                EXTI0_IRQHandler
 .text.SystemInit
                0x08000606        0xc ./Core/Src/system_stm32wlxx.o
                0x08000606                SystemInit
 *fill*         0x08000612        0x2 
 .text.Reset_Handler
                0x08000614       0x50 ./Core/Startup/startup_stm32wl55jcix.o
                0x08000614                Reset_Handler
 .text.Default_Handler
                0x08000664        0x2 ./Core/Startup/startup_stm32wl55jcix.o
                0x08000664                RTC_Alarm_IRQHandler
                0x08000664                EXTI2_IRQHandler
                0x08000664                TIM1_CC_IRQHandler
                0x08000664                EXTI3_IRQHandler
                0x08000664                LPTIM2_IRQHandler
                0x08000664                I2C3_ER_IRQHandler
                0x08000664                LPTIM3_IRQHandler
                0x08000664                I2C2_EV_IRQHandler
                0x08000664                TAMP_STAMP_LSECSS_SSRU_IRQHandler
                0x08000664                SPI1_IRQHandler
                0x08000664                DMA2_Channel2_IRQHandler
                0x08000664                DMA1_Channel4_IRQHandler
                0x08000664                PKA_IRQHandler
                0x08000664                TIM17_IRQHandler
                0x08000664                DMA1_Channel7_IRQHandler
                0x08000664                SUBGHZSPI_IRQHandler
                0x08000664                IPCC_C1_TX_IRQHandler
                0x08000664                DMA2_Channel1_IRQHandler
                0x08000664                I2C1_EV_IRQHandler
                0x08000664                SUBGHZ_Radio_IRQHandler
                0x08000664                DMAMUX1_OVR_IRQHandler
                0x08000664                DMA1_Channel6_IRQHandler
                0x08000664                TIM16_IRQHandler
                0x08000664                DMA2_Channel4_IRQHandler
                0x08000664                RCC_IRQHandler
                0x08000664                TIM1_TRG_COM_IRQHandler
                0x08000664                DMA1_Channel1_IRQHandler
                0x08000664                Default_Handler
                0x08000664                DMA2_Channel7_IRQHandler
                0x08000664                EXTI15_10_IRQHandler
                0x08000664                IPCC_C1_RX_IRQHandler
                0x08000664                ADC_IRQHandler
                0x08000664                C2SEV_PWR_C2H_IRQHandler
                0x08000664                I2C3_EV_IRQHandler
                0x08000664                EXTI9_5_IRQHandler
                0x08000664                PVD_PVM_IRQHandler
                0x08000664                SPI2_IRQHandler
                0x08000664                DMA2_Channel5_IRQHandler
                0x08000664                DMA1_Channel5_IRQHandler
                0x08000664                EXTI4_IRQHandler
                0x08000664                RNG_IRQHandler
                0x08000664                DMA1_Channel3_IRQHandler
                0x08000664                COMP_IRQHandler
                0x08000664                HSEM_IRQHandler
                0x08000664                TIM1_UP_IRQHandler
                0x08000664                WWDG_IRQHandler
                0x08000664                LPUART1_IRQHandler
                0x08000664                DMA2_Channel6_IRQHandler
                0x08000664                TIM2_IRQHandler
                0x08000664                TIM1_BRK_IRQHandler
                0x08000664                DAC_IRQHandler
                0x08000664                EXTI1_IRQHandler
                0x08000664                AES_IRQHandler
                0x08000664                USART2_IRQHandler
                0x08000664                I2C2_ER_IRQHandler
                0x08000664                DMA1_Channel2_IRQHandler
                0x08000664                FLASH_IRQHandler
                0x08000664                USART1_IRQHandler
                0x08000664                I2C1_ER_IRQHandler
                0x08000664                LPTIM1_IRQHandler
                0x08000664                DMA2_Channel3_IRQHandler
 *fill*         0x08000666        0x2 
 .text.HAL_Init
                0x08000668       0x40 ./Drivers/STM32WLxx_HAL_Driver/Src/stm32wlxx_hal.o
                0x08000668                HAL_Init
 .text.HAL_InitTick
                0x080006a8       0x74 ./Drivers/STM32WLxx_HAL_Driver/Src/stm32wlxx_hal.o
                0x080006a8                HAL_InitTick
 .text.HAL_IncTick
                0x0800071c       0x24 ./Drivers/STM32WLxx_HAL_Driver/Src/stm32wlxx_hal.o
                0x0800071c                HAL_IncTick
 .text.HAL_GetTick
                0x08000740       0x14 ./Drivers/STM32WLxx_HAL_Driver/Src/stm32wlxx_hal.o
                0x08000740                HAL_GetTick
 .text.HAL_Delay
                0x08000754       0x48 ./Drivers/STM32WLxx_HAL_Driver/Src/stm32wlxx_hal.o
                0x08000754                HAL_Delay
 .text.HAL_SuspendTick
                0x0800079c       0x1c ./Drivers/STM32WLxx_HAL_Driver/Src/stm32wlxx_hal.o
                0x0800079c                HAL_SuspendTick
 .text.HAL_ResumeTick
                0x080007b8       0x1c ./Drivers/STM32WLxx_HAL_Driver/Src/stm32wlxx_hal.o
                0x080007b8                HAL_ResumeTick
 .text.__NVIC_SetPriorityGrouping
                0x080007d4       0x48 ./Drivers/STM32WLxx_HAL_Driver/Src/stm32wlxx_hal_cortex.o
 .text.__NVIC_GetPriorityGrouping
                0x0800081c       0x1c ./Drivers/STM32WLxx_HAL_Driver/Src/stm32wlxx_hal_cortex.o
 .text.__NVIC_EnableIRQ
                0x08000838       0x38 ./Drivers/STM32WLxx_HAL_Driver/Src/stm32wlxx_hal_cortex.o
 .text.__NVIC_SetPriority
                0x08000870       0x54 ./Drivers/STM32WLxx_HAL_Driver/Src/stm32wlxx_hal_cortex.o
 .text.NVIC_EncodePriority
                0x080008c4       0x64 ./Drivers/STM32WLxx_HAL_Driver/Src/stm32wlxx_hal_cortex.o
 .text.SysTick_Config
                0x08000928       0x44 ./Drivers/STM32WLxx_HAL_Driver/Src/stm32wlxx_hal_cortex.o
 .text.HAL_NVIC_SetPriorityGrouping
                0x0800096c       0x16 ./Drivers/STM32WLxx_HAL_Driver/Src/stm32wlxx_hal_cortex.o
                0x0800096c                HAL_NVIC_SetPriorityGrouping
 .text.HAL_NVIC_SetPriority
                0x08000982       0x34 ./Drivers/STM32WLxx_HAL_Driver/Src/stm32wlxx_hal_cortex.o
                0x08000982                HAL_NVIC_SetPriority
 .text.HAL_NVIC_EnableIRQ
                0x080009b6       0x1c ./Drivers/STM32WLxx_HAL_Driver/Src/stm32wlxx_hal_cortex.o
                0x080009b6                HAL_NVIC_EnableIRQ
 .text.HAL_SYSTICK_Config
                0x080009d2       0x18 ./Drivers/STM32WLxx_HAL_Driver/Src/stm32wlxx_hal_cortex.o
                0x080009d2                HAL_SYSTICK_Config
 *fill*         0x080009ea        0x2 
 .text.HAL_GPIO_Init
                0x080009ec      0x2c0 ./Drivers/STM32WLxx_HAL_Driver/Src/stm32wlxx_hal_gpio.o
                0x080009ec                HAL_GPIO_Init
 .text.HAL_GPIO_WritePin
                0x08000cac       0x2e ./Drivers/STM32WLxx_HAL_Driver/Src/stm32wlxx_hal_gpio.o
                0x08000cac                HAL_GPIO_WritePin
 *fill*         0x08000cda        0x2 
 .text.HAL_GPIO_EXTI_IRQHandler
                0x08000cdc       0x30 ./Drivers/STM32WLxx_HAL_Driver/Src/stm32wlxx_hal_gpio.o
                0x08000cdc                HAL_GPIO_EXTI_IRQHandler
 .text.HAL_PWR_EnableBkUpAccess
                0x08000d0c       0x1c ./Drivers/STM32WLxx_HAL_Driver/Src/stm32wlxx_hal_pwr.o
                0x08000d0c                HAL_PWR_EnableBkUpAccess
 .text.HAL_PWREx_GetVoltageRange
                0x08000d28       0x18 ./Drivers/STM32WLxx_HAL_Driver/Src/stm32wlxx_hal_pwr_ex.o
                0x08000d28                HAL_PWREx_GetVoltageRange
 .text.HAL_PWREx_EnterSTOP2Mode
                0x08000d40       0x54 ./Drivers/STM32WLxx_HAL_Driver/Src/stm32wlxx_hal_pwr_ex.o
                0x08000d40                HAL_PWREx_EnterSTOP2Mode
 .text.LL_PWR_IsEnabledBkUpAccess
                0x08000d94       0x24 ./Drivers/STM32WLxx_HAL_Driver/Src/stm32wlxx_hal_rcc.o
 .text.LL_RCC_HSE_EnableTcxo
                0x08000db8       0x1c ./Drivers/STM32WLxx_HAL_Driver/Src/stm32wlxx_hal_rcc.o
 .text.LL_RCC_HSE_DisableTcxo
                0x08000dd4       0x1c ./Drivers/STM32WLxx_HAL_Driver/Src/stm32wlxx_hal_rcc.o
 .text.LL_RCC_HSE_IsEnabledDiv2
                0x08000df0       0x22 ./Drivers/STM32WLxx_HAL_Driver/Src/stm32wlxx_hal_rcc.o
 .text.LL_RCC_HSE_Enable
                0x08000e12       0x1c ./Drivers/STM32WLxx_HAL_Driver/Src/stm32wlxx_hal_rcc.o
 .text.LL_RCC_HSE_Disable
                0x08000e2e       0x1c ./Drivers/STM32WLxx_HAL_Driver/Src/stm32wlxx_hal_rcc.o
 .text.LL_RCC_HSE_IsReady
                0x08000e4a       0x22 ./Drivers/STM32WLxx_HAL_Driver/Src/stm32wlxx_hal_rcc.o
 .text.LL_RCC_HSI_Enable
                0x08000e6c       0x1c ./Drivers/STM32WLxx_HAL_Driver/Src/stm32wlxx_hal_rcc.o
 .text.LL_RCC_HSI_Disable
                0x08000e88       0x1c ./Drivers/STM32WLxx_HAL_Driver/Src/stm32wlxx_hal_rcc.o
 .text.LL_RCC_HSI_IsReady
                0x08000ea4       0x22 ./Drivers/STM32WLxx_HAL_Driver/Src/stm32wlxx_hal_rcc.o
 .text.LL_RCC_HSI_SetCalibTrimming
                0x08000ec6       0x28 ./Drivers/STM32WLxx_HAL_Driver/Src/stm32wlxx_hal_rcc.o
 .text.LL_RCC_LSE_IsReady
                0x08000eee       0x22 ./Drivers/STM32WLxx_HAL_Driver/Src/stm32wlxx_hal_rcc.o
 .text.LL_RCC_LSI_Enable
                0x08000f10       0x20 ./Drivers/STM32WLxx_HAL_Driver/Src/stm32wlxx_hal_rcc.o
 .text.LL_RCC_LSI_Disable
                0x08000f30       0x20 ./Drivers/STM32WLxx_HAL_Driver/Src/stm32wlxx_hal_rcc.o
 .text.LL_RCC_LSI_IsReady
                0x08000f50       0x22 ./Drivers/STM32WLxx_HAL_Driver/Src/stm32wlxx_hal_rcc.o
 .text.LL_RCC_MSI_Enable
                0x08000f72       0x1c ./Drivers/STM32WLxx_HAL_Driver/Src/stm32wlxx_hal_rcc.o
 .text.LL_RCC_MSI_Disable
                0x08000f8e       0x1c ./Drivers/STM32WLxx_HAL_Driver/Src/stm32wlxx_hal_rcc.o
 .text.LL_RCC_MSI_IsReady
                0x08000faa       0x20 ./Drivers/STM32WLxx_HAL_Driver/Src/stm32wlxx_hal_rcc.o
 .text.LL_RCC_MSI_IsEnabledRangeSelect
                0x08000fca       0x20 ./Drivers/STM32WLxx_HAL_Driver/Src/stm32wlxx_hal_rcc.o
 .text.LL_RCC_MSI_GetRange
                0x08000fea       0x16 ./Drivers/STM32WLxx_HAL_Driver/Src/stm32wlxx_hal_rcc.o
 .text.LL_RCC_MSI_GetRangeAfterStandby
                0x08001000       0x18 ./Drivers/STM32WLxx_HAL_Driver/Src/stm32wlxx_hal_rcc.o
 .text.LL_RCC_MSI_SetCalibTrimming
                0x08001018       0x28 ./Drivers/STM32WLxx_HAL_Driver/Src/stm32wlxx_hal_rcc.o
 .text.LL_RCC_SetSysClkSource
                0x08001040       0x26 ./Drivers/STM32WLxx_HAL_Driver/Src/stm32wlxx_hal_rcc.o
 .text.LL_RCC_GetSysClkSource
                0x08001066       0x16 ./Drivers/STM32WLxx_HAL_Driver/Src/stm32wlxx_hal_rcc.o
 .text.LL_RCC_SetAHBPrescaler
                0x0800107c       0x26 ./Drivers/STM32WLxx_HAL_Driver/Src/stm32wlxx_hal_rcc.o
 .text.LL_C2_RCC_SetAHBPrescaler
                0x080010a2       0x2a ./Drivers/STM32WLxx_HAL_Driver/Src/stm32wlxx_hal_rcc.o
 .text.LL_RCC_SetAHB3Prescaler
                0x080010cc       0x2c ./Drivers/STM32WLxx_HAL_Driver/Src/stm32wlxx_hal_rcc.o
 .text.LL_RCC_SetAPB1Prescaler
                0x080010f8       0x26 ./Drivers/STM32WLxx_HAL_Driver/Src/stm32wlxx_hal_rcc.o
 .text.LL_RCC_SetAPB2Prescaler
                0x0800111e       0x26 ./Drivers/STM32WLxx_HAL_Driver/Src/stm32wlxx_hal_rcc.o
 .text.LL_RCC_GetAHBPrescaler
                0x08001144       0x16 ./Drivers/STM32WLxx_HAL_Driver/Src/stm32wlxx_hal_rcc.o
 .text.LL_RCC_GetAHB3Prescaler
                0x0800115a       0x1a ./Drivers/STM32WLxx_HAL_Driver/Src/stm32wlxx_hal_rcc.o
 .text.LL_RCC_PLL_Enable
                0x08001174       0x1c ./Drivers/STM32WLxx_HAL_Driver/Src/stm32wlxx_hal_rcc.o
 .text.LL_RCC_PLL_Disable
                0x08001190       0x1c ./Drivers/STM32WLxx_HAL_Driver/Src/stm32wlxx_hal_rcc.o
 .text.LL_RCC_PLL_IsReady
                0x080011ac       0x22 ./Drivers/STM32WLxx_HAL_Driver/Src/stm32wlxx_hal_rcc.o
 .text.LL_RCC_PLL_GetN
                0x080011ce       0x18 ./Drivers/STM32WLxx_HAL_Driver/Src/stm32wlxx_hal_rcc.o
 .text.LL_RCC_PLL_GetR
                0x080011e6       0x16 ./Drivers/STM32WLxx_HAL_Driver/Src/stm32wlxx_hal_rcc.o
 .text.LL_RCC_PLL_GetDivider
                0x080011fc       0x16 ./Drivers/STM32WLxx_HAL_Driver/Src/stm32wlxx_hal_rcc.o
 .text.LL_RCC_PLL_GetMainSource
                0x08001212       0x16 ./Drivers/STM32WLxx_HAL_Driver/Src/stm32wlxx_hal_rcc.o
 .text.LL_RCC_IsActiveFlag_HPRE
                0x08001228       0x22 ./Drivers/STM32WLxx_HAL_Driver/Src/stm32wlxx_hal_rcc.o
 .text.LL_RCC_IsActiveFlag_C2HPRE
                0x0800124a       0x24 ./Drivers/STM32WLxx_HAL_Driver/Src/stm32wlxx_hal_rcc.o
 .text.LL_RCC_IsActiveFlag_SHDHPRE
                0x0800126e       0x24 ./Drivers/STM32WLxx_HAL_Driver/Src/stm32wlxx_hal_rcc.o
 .text.LL_RCC_IsActiveFlag_PPRE1
                0x08001292       0x22 ./Drivers/STM32WLxx_HAL_Driver/Src/stm32wlxx_hal_rcc.o
 .text.LL_RCC_IsActiveFlag_PPRE2
                0x080012b4       0x22 ./Drivers/STM32WLxx_HAL_Driver/Src/stm32wlxx_hal_rcc.o
 *fill*         0x080012d6        0x2 
 .text.HAL_RCC_OscConfig
                0x080012d8      0x704 ./Drivers/STM32WLxx_HAL_Driver/Src/stm32wlxx_hal_rcc.o
                0x080012d8                HAL_RCC_OscConfig
 .text.HAL_RCC_ClockConfig
                0x080019dc      0x284 ./Drivers/STM32WLxx_HAL_Driver/Src/stm32wlxx_hal_rcc.o
                0x080019dc                HAL_RCC_ClockConfig
 .text.HAL_RCC_GetSysClockFreq
                0x08001c60      0x140 ./Drivers/STM32WLxx_HAL_Driver/Src/stm32wlxx_hal_rcc.o
                0x08001c60                HAL_RCC_GetSysClockFreq
 .text.HAL_RCC_GetHCLKFreq
                0x08001da0       0x28 ./Drivers/STM32WLxx_HAL_Driver/Src/stm32wlxx_hal_rcc.o
                0x08001da0                HAL_RCC_GetHCLKFreq
 .text.RCC_SetFlashLatencyFromMSIRange
                0x08001dc8       0x60 ./Drivers/STM32WLxx_HAL_Driver/Src/stm32wlxx_hal_rcc.o
 .text.RCC_SetFlashLatency
                0x08001e28      0x104 ./Drivers/STM32WLxx_HAL_Driver/Src/stm32wlxx_hal_rcc.o
 .text.LL_RCC_LSE_IsReady
                0x08001f2c       0x22 ./Drivers/STM32WLxx_HAL_Driver/Src/stm32wlxx_hal_rcc_ex.o
 .text.LL_RCC_SetUSARTClockSource
                0x08001f4e       0x30 ./Drivers/STM32WLxx_HAL_Driver/Src/stm32wlxx_hal_rcc_ex.o
 .text.LL_RCC_SetI2SClockSource
                0x08001f7e       0x2a ./Drivers/STM32WLxx_HAL_Driver/Src/stm32wlxx_hal_rcc_ex.o
 .text.LL_RCC_SetLPUARTClockSource
                0x08001fa8       0x2a ./Drivers/STM32WLxx_HAL_Driver/Src/stm32wlxx_hal_rcc_ex.o
 .text.LL_RCC_SetI2CClockSource
                0x08001fd2       0x38 ./Drivers/STM32WLxx_HAL_Driver/Src/stm32wlxx_hal_rcc_ex.o
 .text.LL_RCC_SetLPTIMClockSource
                0x0800200a       0x32 ./Drivers/STM32WLxx_HAL_Driver/Src/stm32wlxx_hal_rcc_ex.o
 .text.LL_RCC_SetRNGClockSource
                0x0800203c       0x2a ./Drivers/STM32WLxx_HAL_Driver/Src/stm32wlxx_hal_rcc_ex.o
 .text.LL_RCC_SetADCClockSource
                0x08002066       0x2a ./Drivers/STM32WLxx_HAL_Driver/Src/stm32wlxx_hal_rcc_ex.o
 .text.LL_RCC_SetRTCClockSource
                0x08002090       0x2a ./Drivers/STM32WLxx_HAL_Driver/Src/stm32wlxx_hal_rcc_ex.o
 .text.LL_RCC_GetRTCClockSource
                0x080020ba       0x18 ./Drivers/STM32WLxx_HAL_Driver/Src/stm32wlxx_hal_rcc_ex.o
 .text.LL_RCC_ForceBackupDomainReset
                0x080020d2       0x20 ./Drivers/STM32WLxx_HAL_Driver/Src/stm32wlxx_hal_rcc_ex.o
 .text.LL_RCC_ReleaseBackupDomainReset
                0x080020f2       0x20 ./Drivers/STM32WLxx_HAL_Driver/Src/stm32wlxx_hal_rcc_ex.o
 *fill*         0x08002112        0x2 
 .text.HAL_RCCEx_PeriphCLKConfig
                0x08002114      0x234 ./Drivers/STM32WLxx_HAL_Driver/Src/stm32wlxx_hal_rcc_ex.o
                0x08002114                HAL_RCCEx_PeriphCLKConfig
 .text.HAL_RTC_Init
                0x08002348      0x104 ./Drivers/STM32WLxx_HAL_Driver/Src/stm32wlxx_hal_rtc.o
                0x08002348                HAL_RTC_Init
 .text.HAL_RTC_WaitForSynchro
                0x0800244c       0x4c ./Drivers/STM32WLxx_HAL_Driver/Src/stm32wlxx_hal_rtc.o
                0x0800244c                HAL_RTC_WaitForSynchro
 .text.RTC_EnterInitMode
                0x08002498       0x68 ./Drivers/STM32WLxx_HAL_Driver/Src/stm32wlxx_hal_rtc.o
                0x08002498                RTC_EnterInitMode
 .text.RTC_ExitInitMode
                0x08002500       0x7c ./Drivers/STM32WLxx_HAL_Driver/Src/stm32wlxx_hal_rtc.o
                0x08002500                RTC_ExitInitMode
 .text.HAL_RTCEx_SetWakeUpTimer_IT
                0x0800257c      0x10c ./Drivers/STM32WLxx_HAL_Driver/Src/stm32wlxx_hal_rtc_ex.o
                0x0800257c                HAL_RTCEx_SetWakeUpTimer_IT
 .text.HAL_RTCEx_DeactivateWakeUpTimer
                0x08002688       0xa8 ./Drivers/STM32WLxx_HAL_Driver/Src/stm32wlxx_hal_rtc_ex.o
                0x08002688                HAL_RTCEx_DeactivateWakeUpTimer
 .text.HAL_RTCEx_WakeUpTimerIRQHandler
                0x08002730       0x34 ./Drivers/STM32WLxx_HAL_Driver/Src/stm32wlxx_hal_rtc_ex.o
                0x08002730                HAL_RTCEx_WakeUpTimerIRQHandler
 .text.HAL_RTCEx_WakeUpTimerEventCallback
                0x08002764       0x12 ./Drivers/STM32WLxx_HAL_Driver/Src/stm32wlxx_hal_rtc_ex.o
                0x08002764                HAL_RTCEx_WakeUpTimerEventCallback
 .text.memset   0x08002776       0x10 D:/Program Files (x86)/STMicroelectronics/ST/STM32CubeIDE_1.17.0/STM32CubeIDE/plugins/com.st.stm32cube.ide.mcu.externaltools.gnu-tools-for-stm32.13.3.rel1.win32_1.0.0.202411081344/tools/bin/../lib/gcc/arm-none-eabi/13.3.1/../../../../arm-none-eabi/lib/thumb/v7e-m/nofp\libc_nano.a(libc_a-memset.o)
                0x08002776                memset
 *fill*         0x08002786        0x2 
 .text.__libc_init_array
                0x08002788       0x48 D:/Program Files (x86)/STMicroelectronics/ST/STM32CubeIDE_1.17.0/STM32CubeIDE/plugins/com.st.stm32cube.ide.mcu.externaltools.gnu-tools-for-stm32.13.3.rel1.win32_1.0.0.202411081344/tools/bin/../lib/gcc/arm-none-eabi/13.3.1/../../../../arm-none-eabi/lib/thumb/v7e-m/nofp\libc_nano.a(libc_a-init.o)
                0x08002788                __libc_init_array
 *(.glue_7)
 .glue_7        0x080027d0        0x0 linker stubs
 *(.glue_7t)
 .glue_7t       0x080027d0        0x0 linker stubs
 *(.eh_frame)
 .eh_frame      0x080027d0        0x0 D:/Program Files (x86)/STMicroelectronics/ST/STM32CubeIDE_1.17.0/STM32CubeIDE/plugins/com.st.stm32cube.ide.mcu.externaltools.gnu-tools-for-stm32.13.3.rel1.win32_1.0.0.202411081344/tools/bin/../lib/gcc/arm-none-eabi/13.3.1/thumb/v7e-m/nofp/crtbegin.o
 *(.init)
 .init          0x080027d0        0x4 D:/Program Files (x86)/STMicroelectronics/ST/STM32CubeIDE_1.17.0/STM32CubeIDE/plugins/com.st.stm32cube.ide.mcu.externaltools.gnu-tools-for-stm32.13.3.rel1.win32_1.0.0.202411081344/tools/bin/../lib/gcc/arm-none-eabi/13.3.1/thumb/v7e-m/nofp/crti.o
                0x080027d0                _init
 .init          0x080027d4        0x8 D:/Program Files (x86)/STMicroelectronics/ST/STM32CubeIDE_1.17.0/STM32CubeIDE/plugins/com.st.stm32cube.ide.mcu.externaltools.gnu-tools-for-stm32.13.3.rel1.win32_1.0.0.202411081344/tools/bin/../lib/gcc/arm-none-eabi/13.3.1/thumb/v7e-m/nofp/crtn.o
 *(.fini)
 .fini          0x080027dc        0x4 D:/Program Files (x86)/STMicroelectronics/ST/STM32CubeIDE_1.17.0/STM32CubeIDE/plugins/com.st.stm32cube.ide.mcu.externaltools.gnu-tools-for-stm32.13.3.rel1.win32_1.0.0.202411081344/tools/bin/../lib/gcc/arm-none-eabi/13.3.1/thumb/v7e-m/nofp/crti.o
                0x080027dc                _fini
 .fini          0x080027e0        0x8 D:/Program Files (x86)/STMicroelectronics/ST/STM32CubeIDE_1.17.0/STM32CubeIDE/plugins/com.st.stm32cube.ide.mcu.externaltools.gnu-tools-for-stm32.13.3.rel1.win32_1.0.0.202411081344/tools/bin/../lib/gcc/arm-none-eabi/13.3.1/thumb/v7e-m/nofp/crtn.o
                0x080027e8                        . = ALIGN (0x4)
                0x080027e8                        _etext = .

.vfp11_veneer   0x080027e8        0x0
 .vfp11_veneer  0x080027e8        0x0 linker stubs

.v4_bx          0x080027e8        0x0
 .v4_bx         0x080027e8        0x0 linker stubs

.iplt           0x080027e8        0x0
 .iplt          0x080027e8        0x0 D:/Program Files (x86)/STMicroelectronics/ST/STM32CubeIDE_1.17.0/STM32CubeIDE/plugins/com.st.stm32cube.ide.mcu.externaltools.gnu-tools-for-stm32.13.3.rel1.win32_1.0.0.202411081344/tools/bin/../lib/gcc/arm-none-eabi/13.3.1/thumb/v7e-m/nofp/crtbegin.o

.rodata         0x080027e8       0x9c
                0x080027e8                        . = ALIGN (0x4)
 *(.rodata)
 .rodata        0x080027e8       0x1c ./Drivers/STM32WLxx_HAL_Driver/Src/stm32wlxx_hal_rcc.o
 *(.rodata*)
 .rodata.AHBPrescTable
                0x08002804       0x40 ./Core/Src/system_stm32wlxx.o
                0x08002804                AHBPrescTable
 .rodata.MSIRangeTable
                0x08002844       0x40 ./Core/Src/system_stm32wlxx.o
                0x08002844                MSIRangeTable
                0x08002884                        . = ALIGN (0x4)

.ARM.extab      0x08002884        0x0
                0x08002884                        . = ALIGN (0x4)
 *(.ARM.extab* .gnu.linkonce.armextab.*)
                0x08002884                        . = ALIGN (0x4)

.ARM            0x08002884        0x0
                0x08002884                        . = ALIGN (0x4)
                0x08002884                        __exidx_start = .
 *(.ARM.exidx*)
                0x08002884                        __exidx_end = .
                0x08002884                        . = ALIGN (0x4)

.preinit_array  0x08002884        0x0
                0x08002884                        . = ALIGN (0x4)
                0x08002884                        PROVIDE (__preinit_array_start = .)
 *(.preinit_array*)
                0x08002884                        PROVIDE (__preinit_array_end = .)
                0x08002884                        . = ALIGN (0x4)

.init_array     0x08002884        0x4
                0x08002884                        . = ALIGN (0x4)
                0x08002884                        PROVIDE (__init_array_start = .)
 *(SORT_BY_NAME(.init_array.*))
 *(.init_array*)
 .init_array    0x08002884        0x4 D:/Program Files (x86)/STMicroelectronics/ST/STM32CubeIDE_1.17.0/STM32CubeIDE/plugins/com.st.stm32cube.ide.mcu.externaltools.gnu-tools-for-stm32.13.3.rel1.win32_1.0.0.202411081344/tools/bin/../lib/gcc/arm-none-eabi/13.3.1/thumb/v7e-m/nofp/crtbegin.o
                0x08002888                        PROVIDE (__init_array_end = .)
                0x08002888                        . = ALIGN (0x4)

.fini_array     0x08002888        0x4
                0x08002888                        . = ALIGN (0x4)
                [!provide]                        PROVIDE (__fini_array_start = .)
 *(SORT_BY_NAME(.fini_array.*))
 *(.fini_array*)
 .fini_array    0x08002888        0x4 D:/Program Files (x86)/STMicroelectronics/ST/STM32CubeIDE_1.17.0/STM32CubeIDE/plugins/com.st.stm32cube.ide.mcu.externaltools.gnu-tools-for-stm32.13.3.rel1.win32_1.0.0.202411081344/tools/bin/../lib/gcc/arm-none-eabi/13.3.1/thumb/v7e-m/nofp/crtbegin.o
                [!provide]                        PROVIDE (__fini_array_end = .)
                0x0800288c                        . = ALIGN (0x4)
                0x0800288c                        _sidata = LOADADDR (.data)

.rel.dyn        0x0800288c        0x0
 .rel.iplt      0x0800288c        0x0 D:/Program Files (x86)/STMicroelectronics/ST/STM32CubeIDE_1.17.0/STM32CubeIDE/plugins/com.st.stm32cube.ide.mcu.externaltools.gnu-tools-for-stm32.13.3.rel1.win32_1.0.0.202411081344/tools/bin/../lib/gcc/arm-none-eabi/13.3.1/thumb/v7e-m/nofp/crtbegin.o

.data           0x20000000       0x10 load address 0x0800288c
                0x20000000                        . = ALIGN (0x4)
                0x20000000                        _sdata = .
 *(.data)
 *(.data*)
 .data.currentLED_Pin
                0x20000000        0x2 ./Core/Src/main.o
                0x20000000                currentLED_Pin
 .data.sleepDuration
                0x20000002        0x2 ./Core/Src/main.o
                0x20000002                sleepDuration
 .data.SystemCoreClock
                0x20000004        0x4 ./Core/Src/system_stm32wlxx.o
                0x20000004                SystemCoreClock
 .data.uwTickPrio
                0x20000008        0x4 ./Drivers/STM32WLxx_HAL_Driver/Src/stm32wlxx_hal.o
                0x20000008                uwTickPrio
 .data.uwTickFreq
                0x2000000c        0x1 ./Drivers/STM32WLxx_HAL_Driver/Src/stm32wlxx_hal.o
                0x2000000c                uwTickFreq
 *(.RamFunc)
 *(.RamFunc*)
                0x20000010                        . = ALIGN (0x4)
 *fill*         0x2000000d        0x3 
                0x20000010                        _edata = .

.igot.plt       0x20000010        0x0 load address 0x0800289c
 .igot.plt      0x20000010        0x0 D:/Program Files (x86)/STMicroelectronics/ST/STM32CubeIDE_1.17.0/STM32CubeIDE/plugins/com.st.stm32cube.ide.mcu.externaltools.gnu-tools-for-stm32.13.3.rel1.win32_1.0.0.202411081344/tools/bin/../lib/gcc/arm-none-eabi/13.3.1/thumb/v7e-m/nofp/crtbegin.o
                0x20000010                        . = ALIGN (0x4)

.bss            0x20000010       0x58 load address 0x0800289c
                0x20000010                        _sbss = .
                0x20000010                        __bss_start__ = _sbss
 *(.bss)
 .bss           0x20000010       0x1c D:/Program Files (x86)/STMicroelectronics/ST/STM32CubeIDE_1.17.0/STM32CubeIDE/plugins/com.st.stm32cube.ide.mcu.externaltools.gnu-tools-for-stm32.13.3.rel1.win32_1.0.0.202411081344/tools/bin/../lib/gcc/arm-none-eabi/13.3.1/thumb/v7e-m/nofp/crtbegin.o
 *(.bss*)
 .bss.hrtc      0x2000002c       0x38 ./Core/Src/main.o
                0x2000002c                hrtc
 .bss.uwTick    0x20000064        0x4 ./Drivers/STM32WLxx_HAL_Driver/Src/stm32wlxx_hal.o
                0x20000064                uwTick
 *(COMMON)
                0x20000068                        . = ALIGN (0x4)
                0x20000068                        _ebss = .
                0x20000068                        __bss_end__ = _ebss

._user_heap_stack
                0x20000068      0x600 load address 0x0800289c
                0x20000068                        . = ALIGN (0x8)
                [!provide]                        PROVIDE (end = .)
                0x20000068                        PROVIDE (_end = .)
                0x20000268                        . = (. + _Min_Heap_Size)
 *fill*         0x20000068      0x200 
                0x20000668                        . = (. + _Min_Stack_Size)
 *fill*         0x20000268      0x400 
                0x20000668                        . = ALIGN (0x8)

/DISCARD/
 libc.a(*)
 libm.a(*)
 libgcc.a(*)

.ARM.attributes
                0x00000000       0x2a
 *(.ARM.attributes)
 .ARM.attributes
                0x00000000       0x1e D:/Program Files (x86)/STMicroelectronics/ST/STM32CubeIDE_1.17.0/STM32CubeIDE/plugins/com.st.stm32cube.ide.mcu.externaltools.gnu-tools-for-stm32.13.3.rel1.win32_1.0.0.202411081344/tools/bin/../lib/gcc/arm-none-eabi/13.3.1/thumb/v7e-m/nofp/crti.o
 .ARM.attributes
                0x0000001e       0x2e D:/Program Files (x86)/STMicroelectronics/ST/STM32CubeIDE_1.17.0/STM32CubeIDE/plugins/com.st.stm32cube.ide.mcu.externaltools.gnu-tools-for-stm32.13.3.rel1.win32_1.0.0.202411081344/tools/bin/../lib/gcc/arm-none-eabi/13.3.1/thumb/v7e-m/nofp/crtbegin.o
 .ARM.attributes
                0x0000004c       0x2e ./Core/Src/main.o
 .ARM.attributes
                0x0000007a       0x2e ./Core/Src/stm32wlxx_hal_msp.o
 .ARM.attributes
                0x000000a8       0x2e ./Core/Src/stm32wlxx_it.o
 .ARM.attributes
                0x000000d6       0x2e ./Core/Src/system_stm32wlxx.o
 .ARM.attributes
                0x00000104       0x21 ./Core/Startup/startup_stm32wl55jcix.o
 .ARM.attributes
                0x00000125       0x2e ./Drivers/STM32WLxx_HAL_Driver/Src/stm32wlxx_hal.o
 .ARM.attributes
                0x00000153       0x2e ./Drivers/STM32WLxx_HAL_Driver/Src/stm32wlxx_hal_cortex.o
 .ARM.attributes
                0x00000181       0x2e ./Drivers/STM32WLxx_HAL_Driver/Src/stm32wlxx_hal_gpio.o
 .ARM.attributes
                0x000001af       0x2e ./Drivers/STM32WLxx_HAL_Driver/Src/stm32wlxx_hal_pwr.o
 .ARM.attributes
                0x000001dd       0x2e ./Drivers/STM32WLxx_HAL_Driver/Src/stm32wlxx_hal_pwr_ex.o
 .ARM.attributes
                0x0000020b       0x2e ./Drivers/STM32WLxx_HAL_Driver/Src/stm32wlxx_hal_rcc.o
 .ARM.attributes
                0x00000239       0x2e ./Drivers/STM32WLxx_HAL_Driver/Src/stm32wlxx_hal_rcc_ex.o
 .ARM.attributes
                0x00000267       0x2e ./Drivers/STM32WLxx_HAL_Driver/Src/stm32wlxx_hal_rtc.o
 .ARM.attributes
                0x00000295       0x2e ./Drivers/STM32WLxx_HAL_Driver/Src/stm32wlxx_hal_rtc_ex.o
 .ARM.attributes
                0x000002c3       0x2e D:/Program Files (x86)/STMicroelectronics/ST/STM32CubeIDE_1.17.0/STM32CubeIDE/plugins/com.st.stm32cube.ide.mcu.externaltools.gnu-tools-for-stm32.13.3.rel1.win32_1.0.0.202411081344/tools/bin/../lib/gcc/arm-none-eabi/13.3.1/../../../../arm-none-eabi/lib/thumb/v7e-m/nofp\libc_nano.a(libc_a-memset.o)
 .ARM.attributes
                0x000002f1       0x2e D:/Program Files (x86)/STMicroelectronics/ST/STM32CubeIDE_1.17.0/STM32CubeIDE/plugins/com.st.stm32cube.ide.mcu.externaltools.gnu-tools-for-stm32.13.3.rel1.win32_1.0.0.202411081344/tools/bin/../lib/gcc/arm-none-eabi/13.3.1/../../../../arm-none-eabi/lib/thumb/v7e-m/nofp\libc_nano.a(libc_a-init.o)
 .ARM.attributes
                0x0000031f       0x1e D:/Program Files (x86)/STMicroelectronics/ST/STM32CubeIDE_1.17.0/STM32CubeIDE/plugins/com.st.stm32cube.ide.mcu.externaltools.gnu-tools-for-stm32.13.3.rel1.win32_1.0.0.202411081344/tools/bin/../lib/gcc/arm-none-eabi/13.3.1/thumb/v7e-m/nofp/crtn.o
OUTPUT(STOP2_WL55_1CPU.elf elf32-littlearm)
LOAD linker stubs
LOAD D:/Program Files (x86)/STMicroelectronics/ST/STM32CubeIDE_1.17.0/STM32CubeIDE/plugins/com.st.stm32cube.ide.mcu.externaltools.gnu-tools-for-stm32.13.3.rel1.win32_1.0.0.202411081344/tools/bin/../lib/gcc/arm-none-eabi/13.3.1/../../../../arm-none-eabi/lib/thumb/v7e-m/nofp\libc.a
LOAD D:/Program Files (x86)/STMicroelectronics/ST/STM32CubeIDE_1.17.0/STM32CubeIDE/plugins/com.st.stm32cube.ide.mcu.externaltools.gnu-tools-for-stm32.13.3.rel1.win32_1.0.0.202411081344/tools/bin/../lib/gcc/arm-none-eabi/13.3.1/../../../../arm-none-eabi/lib/thumb/v7e-m/nofp\libm.a
LOAD D:/Program Files (x86)/STMicroelectronics/ST/STM32CubeIDE_1.17.0/STM32CubeIDE/plugins/com.st.stm32cube.ide.mcu.externaltools.gnu-tools-for-stm32.13.3.rel1.win32_1.0.0.202411081344/tools/bin/../lib/gcc/arm-none-eabi/13.3.1/thumb/v7e-m/nofp\libgcc.a

.debug_info     0x00000000     0xa86c
 .debug_info    0x00000000     0x1064 ./Core/Src/main.o
 .debug_info    0x00001064      0xb0e ./Core/Src/stm32wlxx_hal_msp.o
 .debug_info    0x00001b72      0x4b3 ./Core/Src/stm32wlxx_it.o
 .debug_info    0x00002025      0x515 ./Core/Src/system_stm32wlxx.o
 .debug_info    0x0000253a       0x30 ./Core/Startup/startup_stm32wl55jcix.o
 .debug_info    0x0000256a     0x1165 ./Drivers/STM32WLxx_HAL_Driver/Src/stm32wlxx_hal.o
 .debug_info    0x000036cf      0xd39 ./Drivers/STM32WLxx_HAL_Driver/Src/stm32wlxx_hal_cortex.o
 .debug_info    0x00004408      0x708 ./Drivers/STM32WLxx_HAL_Driver/Src/stm32wlxx_hal_gpio.o
 .debug_info    0x00004b10      0x8e8 ./Drivers/STM32WLxx_HAL_Driver/Src/stm32wlxx_hal_pwr.o
 .debug_info    0x000053f8      0xde7 ./Drivers/STM32WLxx_HAL_Driver/Src/stm32wlxx_hal_pwr_ex.o
 .debug_info    0x000061df     0x13ef ./Drivers/STM32WLxx_HAL_Driver/Src/stm32wlxx_hal_rcc.o
 .debug_info    0x000075ce      0xf21 ./Drivers/STM32WLxx_HAL_Driver/Src/stm32wlxx_hal_rcc_ex.o
 .debug_info    0x000084ef      0xee1 ./Drivers/STM32WLxx_HAL_Driver/Src/stm32wlxx_hal_rtc.o
 .debug_info    0x000093d0     0x149c ./Drivers/STM32WLxx_HAL_Driver/Src/stm32wlxx_hal_rtc_ex.o

.debug_abbrev   0x00000000     0x1f13
 .debug_abbrev  0x00000000      0x2a6 ./Core/Src/main.o
 .debug_abbrev  0x000002a6      0x20b ./Core/Src/stm32wlxx_hal_msp.o
 .debug_abbrev  0x000004b1      0x175 ./Core/Src/stm32wlxx_it.o
 .debug_abbrev  0x00000626      0x13e ./Core/Src/system_stm32wlxx.o
 .debug_abbrev  0x00000764       0x24 ./Core/Startup/startup_stm32wl55jcix.o
 .debug_abbrev  0x00000788      0x344 ./Drivers/STM32WLxx_HAL_Driver/Src/stm32wlxx_hal.o
 .debug_abbrev  0x00000acc      0x2e8 ./Drivers/STM32WLxx_HAL_Driver/Src/stm32wlxx_hal_cortex.o
 .debug_abbrev  0x00000db4      0x1e9 ./Drivers/STM32WLxx_HAL_Driver/Src/stm32wlxx_hal_gpio.o
 .debug_abbrev  0x00000f9d      0x209 ./Drivers/STM32WLxx_HAL_Driver/Src/stm32wlxx_hal_pwr.o
 .debug_abbrev  0x000011a6      0x302 ./Drivers/STM32WLxx_HAL_Driver/Src/stm32wlxx_hal_pwr_ex.o
 .debug_abbrev  0x000014a8      0x32d ./Drivers/STM32WLxx_HAL_Driver/Src/stm32wlxx_hal_rcc.o
 .debug_abbrev  0x000017d5      0x2cb ./Drivers/STM32WLxx_HAL_Driver/Src/stm32wlxx_hal_rcc_ex.o
 .debug_abbrev  0x00001aa0      0x229 ./Drivers/STM32WLxx_HAL_Driver/Src/stm32wlxx_hal_rtc.o
 .debug_abbrev  0x00001cc9      0x24a ./Drivers/STM32WLxx_HAL_Driver/Src/stm32wlxx_hal_rtc_ex.o

.debug_aranges  0x00000000      0xea0
 .debug_aranges
                0x00000000       0x50 ./Core/Src/main.o
 .debug_aranges
                0x00000050       0x50 ./Core/Src/stm32wlxx_hal_msp.o
 .debug_aranges
                0x000000a0       0x70 ./Core/Src/stm32wlxx_it.o
 .debug_aranges
                0x00000110       0x28 ./Core/Src/system_stm32wlxx.o
 .debug_aranges
                0x00000138       0x28 ./Core/Startup/startup_stm32wl55jcix.o
 .debug_aranges
                0x00000160      0x240 ./Drivers/STM32WLxx_HAL_Driver/Src/stm32wlxx_hal.o
 .debug_aranges
                0x000003a0      0x128 ./Drivers/STM32WLxx_HAL_Driver/Src/stm32wlxx_hal_cortex.o
 .debug_aranges
                0x000004c8       0x60 ./Drivers/STM32WLxx_HAL_Driver/Src/stm32wlxx_hal_gpio.o
 .debug_aranges
                0x00000528       0xc8 ./Drivers/STM32WLxx_HAL_Driver/Src/stm32wlxx_hal_pwr.o
 .debug_aranges
                0x000005f0      0x200 ./Drivers/STM32WLxx_HAL_Driver/Src/stm32wlxx_hal_pwr_ex.o
 .debug_aranges
                0x000007f0      0x230 ./Drivers/STM32WLxx_HAL_Driver/Src/stm32wlxx_hal_rcc.o
 .debug_aranges
                0x00000a20      0x1e8 ./Drivers/STM32WLxx_HAL_Driver/Src/stm32wlxx_hal_rcc_ex.o
 .debug_aranges
                0x00000c08       0xe8 ./Drivers/STM32WLxx_HAL_Driver/Src/stm32wlxx_hal_rtc.o
 .debug_aranges
                0x00000cf0      0x1b0 ./Drivers/STM32WLxx_HAL_Driver/Src/stm32wlxx_hal_rtc_ex.o

.debug_rnglists
                0x00000000      0xae2
 .debug_rnglists
                0x00000000       0x3a ./Core/Src/main.o
 .debug_rnglists
                0x0000003a       0x37 ./Core/Src/stm32wlxx_hal_msp.o
 .debug_rnglists
                0x00000071       0x4f ./Core/Src/stm32wlxx_it.o
 .debug_rnglists
                0x000000c0       0x1a ./Core/Src/system_stm32wlxx.o
 .debug_rnglists
                0x000000da       0x19 ./Core/Startup/startup_stm32wl55jcix.o
 .debug_rnglists
                0x000000f3      0x1ab ./Drivers/STM32WLxx_HAL_Driver/Src/stm32wlxx_hal.o
 .debug_rnglists
                0x0000029e       0xd9 ./Drivers/STM32WLxx_HAL_Driver/Src/stm32wlxx_hal_cortex.o
 .debug_rnglists
                0x00000377       0x45 ./Drivers/STM32WLxx_HAL_Driver/Src/stm32wlxx_hal_gpio.o
 .debug_rnglists
                0x000003bc       0x91 ./Drivers/STM32WLxx_HAL_Driver/Src/stm32wlxx_hal_pwr.o
 .debug_rnglists
                0x0000044d      0x180 ./Drivers/STM32WLxx_HAL_Driver/Src/stm32wlxx_hal_pwr_ex.o
 .debug_rnglists
                0x000005cd      0x1a6 ./Drivers/STM32WLxx_HAL_Driver/Src/stm32wlxx_hal_rcc.o
 .debug_rnglists
                0x00000773      0x16e ./Drivers/STM32WLxx_HAL_Driver/Src/stm32wlxx_hal_rcc_ex.o
 .debug_rnglists
                0x000008e1       0xb3 ./Drivers/STM32WLxx_HAL_Driver/Src/stm32wlxx_hal_rtc.o
 .debug_rnglists
                0x00000994      0x14e ./Drivers/STM32WLxx_HAL_Driver/Src/stm32wlxx_hal_rtc_ex.o

.debug_macro    0x00000000    0x1c17a
 .debug_macro   0x00000000      0x2f1 ./Core/Src/main.o
 .debug_macro   0x000002f1      0xad2 ./Core/Src/main.o
 .debug_macro   0x00000dc3      0x11e ./Core/Src/main.o
 .debug_macro   0x00000ee1       0x2e ./Core/Src/main.o
 .debug_macro   0x00000f0f       0x3a ./Core/Src/main.o
 .debug_macro   0x00000f49       0x22 ./Core/Src/main.o
 .debug_macro   0x00000f6b       0x8e ./Core/Src/main.o
 .debug_macro   0x00000ff9       0x51 ./Core/Src/main.o
 .debug_macro   0x0000104a      0x103 ./Core/Src/main.o
 .debug_macro   0x0000114d       0x6a ./Core/Src/main.o
 .debug_macro   0x000011b7      0x1df ./Core/Src/main.o
 .debug_macro   0x00001396       0x1c ./Core/Src/main.o
 .debug_macro   0x000013b2       0x22 ./Core/Src/main.o
 .debug_macro   0x000013d4       0xfb ./Core/Src/main.o
 .debug_macro   0x000014cf     0x1011 ./Core/Src/main.o
 .debug_macro   0x000024e0      0x11f ./Core/Src/main.o
 .debug_macro   0x000025ff     0xf31a ./Core/Src/main.o
 .debug_macro   0x00011919       0x6d ./Core/Src/main.o
 .debug_macro   0x00011986     0x341d ./Core/Src/main.o
 .debug_macro   0x00014da3      0x190 ./Core/Src/main.o
 .debug_macro   0x00014f33       0x5c ./Core/Src/main.o
 .debug_macro   0x00014f8f      0x416 ./Core/Src/main.o
 .debug_macro   0x000153a5      0x29c ./Core/Src/main.o
 .debug_macro   0x00015641      0x35a ./Core/Src/main.o
 .debug_macro   0x0001599b      0x196 ./Core/Src/main.o
 .debug_macro   0x00015b31       0x4a ./Core/Src/main.o
 .debug_macro   0x00015b7b      0x236 ./Core/Src/main.o
 .debug_macro   0x00015db1      0x229 ./Core/Src/main.o
 .debug_macro   0x00015fda      0x3fa ./Core/Src/main.o
 .debug_macro   0x000163d4       0x2e ./Core/Src/main.o
 .debug_macro   0x00016402      0x107 ./Core/Src/main.o
 .debug_macro   0x00016509      0x1ba ./Core/Src/main.o
 .debug_macro   0x000166c3       0xe6 ./Core/Src/main.o
 .debug_macro   0x000167a9      0x283 ./Core/Src/main.o
 .debug_macro   0x00016a2c      0x133 ./Core/Src/main.o
 .debug_macro   0x00016b5f      0x36f ./Core/Src/main.o
 .debug_macro   0x00016ece      0x683 ./Core/Src/main.o
 .debug_macro   0x00017551      0x20e ./Core/Src/main.o
 .debug_macro   0x0001775f      0xfb4 ./Core/Src/main.o
 .debug_macro   0x00018713      0x136 ./Core/Src/main.o
 .debug_macro   0x00018849      0x2db ./Core/Src/main.o
 .debug_macro   0x00018b24      0x32f ./Core/Src/main.o
 .debug_macro   0x00018e53      0x679 ./Core/Src/main.o
 .debug_macro   0x000194cc       0xeb ./Core/Src/main.o
 .debug_macro   0x000195b7      0x45a ./Core/Src/main.o
 .debug_macro   0x00019a11      0x3c0 ./Core/Src/main.o
 .debug_macro   0x00019dd1       0x8e ./Core/Src/main.o
 .debug_macro   0x00019e5f       0x61 ./Core/Src/main.o
 .debug_macro   0x00019ec0       0x24 ./Core/Src/main.o
 .debug_macro   0x00019ee4       0x43 ./Core/Src/main.o
 .debug_macro   0x00019f27       0x34 ./Core/Src/main.o
 .debug_macro   0x00019f5b       0x16 ./Core/Src/main.o
 .debug_macro   0x00019f71       0x3c ./Core/Src/main.o
 .debug_macro   0x00019fad      0x370 ./Core/Src/main.o
 .debug_macro   0x0001a31d       0x10 ./Core/Src/main.o
 .debug_macro   0x0001a32d       0x16 ./Core/Src/main.o
 .debug_macro   0x0001a343       0x4a ./Core/Src/main.o
 .debug_macro   0x0001a38d       0x34 ./Core/Src/main.o
 .debug_macro   0x0001a3c1       0x10 ./Core/Src/main.o
 .debug_macro   0x0001a3d1       0x58 ./Core/Src/main.o
 .debug_macro   0x0001a429       0x8e ./Core/Src/main.o
 .debug_macro   0x0001a4b7       0x1c ./Core/Src/main.o
 .debug_macro   0x0001a4d3      0x185 ./Core/Src/main.o
 .debug_macro   0x0001a658       0x16 ./Core/Src/main.o
 .debug_macro   0x0001a66e       0x16 ./Core/Src/main.o
 .debug_macro   0x0001a684      0x146 ./Core/Src/main.o
 .debug_macro   0x0001a7ca      0x219 ./Core/Src/stm32wlxx_hal_msp.o
 .debug_macro   0x0001a9e3      0x223 ./Core/Src/stm32wlxx_it.o
 .debug_macro   0x0001ac06      0x20a ./Core/Src/system_stm32wlxx.o
 .debug_macro   0x0001ae10      0x22e ./Drivers/STM32WLxx_HAL_Driver/Src/stm32wlxx_hal.o
 .debug_macro   0x0001b03e      0x20a ./Drivers/STM32WLxx_HAL_Driver/Src/stm32wlxx_hal_cortex.o
 .debug_macro   0x0001b248      0x210 ./Drivers/STM32WLxx_HAL_Driver/Src/stm32wlxx_hal_gpio.o
 .debug_macro   0x0001b458      0x264 ./Drivers/STM32WLxx_HAL_Driver/Src/stm32wlxx_hal_pwr.o
 .debug_macro   0x0001b6bc      0x21c ./Drivers/STM32WLxx_HAL_Driver/Src/stm32wlxx_hal_pwr_ex.o
 .debug_macro   0x0001b8d8      0x26a ./Drivers/STM32WLxx_HAL_Driver/Src/stm32wlxx_hal_rcc.o
 .debug_macro   0x0001bb42      0x21c ./Drivers/STM32WLxx_HAL_Driver/Src/stm32wlxx_hal_rcc_ex.o
 .debug_macro   0x0001bd5e      0x20b ./Drivers/STM32WLxx_HAL_Driver/Src/stm32wlxx_hal_rtc.o
 .debug_macro   0x0001bf69      0x211 ./Drivers/STM32WLxx_HAL_Driver/Src/stm32wlxx_hal_rtc_ex.o

.debug_line     0x00000000     0xb989
 .debug_line    0x00000000      0xada ./Core/Src/main.o
 .debug_line    0x00000ada      0x87c ./Core/Src/stm32wlxx_hal_msp.o
 .debug_line    0x00001356      0x899 ./Core/Src/stm32wlxx_it.o
 .debug_line    0x00001bef      0x851 ./Core/Src/system_stm32wlxx.o
 .debug_line    0x00002440       0x7b ./Core/Startup/startup_stm32wl55jcix.o
 .debug_line    0x000024bb      0xf6b ./Drivers/STM32WLxx_HAL_Driver/Src/stm32wlxx_hal.o
 .debug_line    0x00003426      0xd58 ./Drivers/STM32WLxx_HAL_Driver/Src/stm32wlxx_hal_cortex.o
 .debug_line    0x0000417e      0xbb9 ./Drivers/STM32WLxx_HAL_Driver/Src/stm32wlxx_hal_gpio.o
 .debug_line    0x00004d37      0xa37 ./Drivers/STM32WLxx_HAL_Driver/Src/stm32wlxx_hal_pwr.o
 .debug_line    0x0000576e      0xeed ./Drivers/STM32WLxx_HAL_Driver/Src/stm32wlxx_hal_pwr_ex.o
 .debug_line    0x0000665b     0x195e ./Drivers/STM32WLxx_HAL_Driver/Src/stm32wlxx_hal_rcc.o
 .debug_line    0x00007fb9     0x1619 ./Drivers/STM32WLxx_HAL_Driver/Src/stm32wlxx_hal_rcc_ex.o
 .debug_line    0x000095d2     0x1049 ./Drivers/STM32WLxx_HAL_Driver/Src/stm32wlxx_hal_rtc.o
 .debug_line    0x0000a61b     0x136e ./Drivers/STM32WLxx_HAL_Driver/Src/stm32wlxx_hal_rtc_ex.o

.debug_str      0x00000000    0xb11eb
 .debug_str     0x00000000    0xb11eb ./Core/Src/main.o
                              0xadef2 (size before relaxing)
 .debug_str     0x000b11eb    0xaa57b ./Core/Src/stm32wlxx_hal_msp.o
 .debug_str     0x000b11eb    0xa9e41 ./Core/Src/stm32wlxx_it.o
 .debug_str     0x000b11eb    0xa9b55 ./Core/Src/system_stm32wlxx.o
 .debug_str     0x000b11eb       0xbc ./Core/Startup/startup_stm32wl55jcix.o
 .debug_str     0x000b11eb    0xaa93d ./Drivers/STM32WLxx_HAL_Driver/Src/stm32wlxx_hal.o
 .debug_str     0x000b11eb    0xaa273 ./Drivers/STM32WLxx_HAL_Driver/Src/stm32wlxx_hal_cortex.o
 .debug_str     0x000b11eb    0xa9bae ./Drivers/STM32WLxx_HAL_Driver/Src/stm32wlxx_hal_gpio.o
 .debug_str     0x000b11eb    0xa9fad ./Drivers/STM32WLxx_HAL_Driver/Src/stm32wlxx_hal_pwr.o
 .debug_str     0x000b11eb    0xaa30d ./Drivers/STM32WLxx_HAL_Driver/Src/stm32wlxx_hal_pwr_ex.o
 .debug_str     0x000b11eb    0xaa921 ./Drivers/STM32WLxx_HAL_Driver/Src/stm32wlxx_hal_rcc.o
 .debug_str     0x000b11eb    0xaa47c ./Drivers/STM32WLxx_HAL_Driver/Src/stm32wlxx_hal_rcc_ex.o
 .debug_str     0x000b11eb    0xaa00c ./Drivers/STM32WLxx_HAL_Driver/Src/stm32wlxx_hal_rtc.o
 .debug_str     0x000b11eb    0xaa546 ./Drivers/STM32WLxx_HAL_Driver/Src/stm32wlxx_hal_rtc_ex.o

.comment        0x00000000       0x43
 .comment       0x00000000       0x43 ./Core/Src/main.o
                                 0x44 (size before relaxing)
 .comment       0x00000043       0x44 ./Core/Src/stm32wlxx_hal_msp.o
 .comment       0x00000043       0x44 ./Core/Src/stm32wlxx_it.o
 .comment       0x00000043       0x44 ./Core/Src/system_stm32wlxx.o
 .comment       0x00000043       0x44 ./Drivers/STM32WLxx_HAL_Driver/Src/stm32wlxx_hal.o
 .comment       0x00000043       0x44 ./Drivers/STM32WLxx_HAL_Driver/Src/stm32wlxx_hal_cortex.o
 .comment       0x00000043       0x44 ./Drivers/STM32WLxx_HAL_Driver/Src/stm32wlxx_hal_gpio.o
 .comment       0x00000043       0x44 ./Drivers/STM32WLxx_HAL_Driver/Src/stm32wlxx_hal_pwr.o
 .comment       0x00000043       0x44 ./Drivers/STM32WLxx_HAL_Driver/Src/stm32wlxx_hal_pwr_ex.o
 .comment       0x00000043       0x44 ./Drivers/STM32WLxx_HAL_Driver/Src/stm32wlxx_hal_rcc.o
 .comment       0x00000043       0x44 ./Drivers/STM32WLxx_HAL_Driver/Src/stm32wlxx_hal_rcc_ex.o
 .comment       0x00000043       0x44 ./Drivers/STM32WLxx_HAL_Driver/Src/stm32wlxx_hal_rtc.o
 .comment       0x00000043       0x44 ./Drivers/STM32WLxx_HAL_Driver/Src/stm32wlxx_hal_rtc_ex.o

.debug_frame    0x00000000     0x3bd4
 .debug_frame   0x00000000       0xf4 ./Core/Src/main.o
 .debug_frame   0x000000f4      0x108 ./Core/Src/stm32wlxx_hal_msp.o
 .debug_frame   0x000001fc      0x13c ./Core/Src/stm32wlxx_it.o
 .debug_frame   0x00000338       0x58 ./Core/Src/system_stm32wlxx.o
 .debug_frame   0x00000390      0x948 ./Drivers/STM32WLxx_HAL_Driver/Src/stm32wlxx_hal.o
 .debug_frame   0x00000cd8      0x4e8 ./Drivers/STM32WLxx_HAL_Driver/Src/stm32wlxx_hal_cortex.o
 .debug_frame   0x000011c0      0x174 ./Drivers/STM32WLxx_HAL_Driver/Src/stm32wlxx_hal_gpio.o
 .debug_frame   0x00001334      0x31c ./Drivers/STM32WLxx_HAL_Driver/Src/stm32wlxx_hal_pwr.o
 .debug_frame   0x00001650      0x894 ./Drivers/STM32WLxx_HAL_Driver/Src/stm32wlxx_hal_pwr_ex.o
 .debug_frame   0x00001ee4      0x8fc ./Drivers/STM32WLxx_HAL_Driver/Src/stm32wlxx_hal_rcc.o
 .debug_frame   0x000027e0      0x7ec ./Drivers/STM32WLxx_HAL_Driver/Src/stm32wlxx_hal_rcc_ex.o
 .debug_frame   0x00002fcc      0x3f8 ./Drivers/STM32WLxx_HAL_Driver/Src/stm32wlxx_hal_rtc.o
 .debug_frame   0x000033c4      0x7c4 ./Drivers/STM32WLxx_HAL_Driver/Src/stm32wlxx_hal_rtc_ex.o
 .debug_frame   0x00003b88       0x20 D:/Program Files (x86)/STMicroelectronics/ST/STM32CubeIDE_1.17.0/STM32CubeIDE/plugins/com.st.stm32cube.ide.mcu.externaltools.gnu-tools-for-stm32.13.3.rel1.win32_1.0.0.202411081344/tools/bin/../lib/gcc/arm-none-eabi/13.3.1/../../../../arm-none-eabi/lib/thumb/v7e-m/nofp\libc_nano.a(libc_a-memset.o)
 .debug_frame   0x00003ba8       0x2c D:/Program Files (x86)/STMicroelectronics/ST/STM32CubeIDE_1.17.0/STM32CubeIDE/plugins/com.st.stm32cube.ide.mcu.externaltools.gnu-tools-for-stm32.13.3.rel1.win32_1.0.0.202411081344/tools/bin/../lib/gcc/arm-none-eabi/13.3.1/../../../../arm-none-eabi/lib/thumb/v7e-m/nofp\libc_nano.a(libc_a-init.o)

.debug_line_str
                0x00000000       0xa0
 .debug_line_str
                0x00000000       0xa0 ./Core/Startup/startup_stm32wl55jcix.o
