../Drivers/STM32WLxx_HAL_Driver/Inc/stm32wlxx_ll_bus.h:449:22:LL_AHB2_GRP1_EnableClock	24	static
../Drivers/STM32WLxx_HAL_Driver/Inc/stm32wlxx_ll_bus.h:1257:22:LL_APB1_GRP1_DisableClockSleep	16	static
../Core/Src/main.c:59:5:__io_putchar	16	static
../Core/Src/main.c:63:6:HAL_GPIO_EXTI_Callback	16	static
../Core/Src/main.c:75:5:main	8	static
../Core/Src/main.c:130:6:SystemClock_Config	112	static
../Core/Src/main.c:179:13:MX_USART2_UART_Init	8	static
../Core/Src/main.c:227:13:MX_GPIO_Init	32	static
../Core/Src/main.c:282:6:Error_Handler	4	static,ignoring_inline_asm
