../Drivers/STM32WLxx_HAL_Driver/Inc/stm32wlxx_ll_rcc.h:1257:22:LL_RCC_LSE_SetDriveCapability	16	static
../Drivers/STM32WLxx_HAL_Driver/Inc/stm32wlxx_ll_bus.h:449:22:LL_AHB2_GRP1_EnableClock	24	static
../Core/Src/main.c:65:6:HAL_UART_RxCpltCallback	24	static
../Core/Src/main.c:71:6:HAL_GPIO_EXTI_Callback	24	static
../Core/Src/main.c:83:5:main	24	static
../Core/Src/main.c:178:6:SystemClock_Config	112	static
../Core/Src/main.c:227:13:MX_USART1_UART_Init	8	static
../Core/Src/main.c:275:13:MX_GPIO_Init	32	static
../Core/Src/main.c:330:6:Error_Handler	4	static,ignoring_inline_asm
